          RTL    scilab(スケール)
ch 0 E I  13270  13823.2636
ch 0 E Q   7002   6369.74055
ch 0 P I  19082  21596.543
ch 0 P Q  42342  41015.6471
ch 0 L I  21452  22581.9309
ch 0 L Q  25808  24266.027

ch 1 E I  19610  17864.0066
ch 1 E Q -33416 -33986.9417
ch 1 P I  28814  25953.9501
ch 1 P Q -42980 -43525.8691
ch 1 L I  17464  15713.9891
ch 1 L Q -26782 -27500.4761

ch 2 E I  31701  31199.4215
ch 2 E Q  -1218  -2660.5226
ch 2 P I  39655  39390.571
ch 2 P Q   2086     61.201696
ch 2 L I  13683  13859.681
ch 2 L Q    578   -404.860315

ch 3 E I  18756  18320.9667
ch 3 E Q   3118   2153.91711
ch 3 P I  33526  33077.2592
ch 3 P Q   1452   -313.385172
ch 3 L I   8116   6667.05973
ch 3 L Q -17806 -17659.9623

ch 4 E I     41   1130.54181
ch 4 E Q  16785  16447.2867
ch 4 P I -12169 -11400.356
ch 4 P Q  10099  10471.0422
ch 4 L I  -9071  -8735.83329
ch 4 L Q    593    902.019975

ch 5 E I -2038   -2132.58843
ch 5 E Q -1740   -2110.0271
ch 5 P I  8074    8891.66381
ch 5 P Q 23868   23018.9347
ch 5 L I -6866   -5457.77001
ch 5 L Q 22632   22822.634
